Scope: all 44 workspace projects
Lockfile is up to date, resolution step is skipped
Progress: resolved 1, reused 0, downloaded 0, added 0
Packages: +2928
++++++++++++++++++++++++++++++++++++++++++++++++++++++++++++++++++++++++++++++++
Progress: resolved 2928, reused 728, downloaded 0, added 0
Progress: resolved 2928, reused 2048, downloaded 0, added 0
Progress: resolved 2928, reused 2921, downloaded 0, added 416
Progress: resolved 2928, reused 2921, downloaded 0, added 701
Progress: resolved 2928, reused 2921, downloaded 0, added 986
Progress: resolved 2928, reused 2921, downloaded 0, added 1431
Progress: resolved 2928, reused 2921, downloaded 0, added 1687
Progress: resolved 2928, reused 2921, downloaded 0, added 2559
Progress: resolved 2928, reused 2921, downloaded 0, added 2928, done
.../node_modules/protobufjs postinstall$ node scripts/postinstall
.../node_modules/cpu-features install$ node buildcheck.js > buildcheck.gypi && node-gyp rebuild
.../esbuild@0.25.0/node_modules/esbuild postinstall$ node install.js
.../node_modules/@swc/core postinstall$ node postinstall.js
.../node_modules/protobufjs postinstall: Done
.../node_modules/@sentry/cli postinstall$ node ./scripts/install.js
.../node_modules/better-sqlite3 install$ prebuild-install || node-gyp rebuild --release
.../esbuild@0.25.0/node_modules/esbuild postinstall: Done
.../node_modules/@depot/cli postinstall$ node install.js
.../node_modules/@swc/core postinstall: Done
.../fingerprintjs-pro-react postinstall$ node scripts/detect-env.js
.../node_modules/@sentry/cli postinstall: Done
.../fingerprintjs-pro-react postinstall: Done
.../node_modules/@depot/cli postinstall: Done
.../esbuild@0.28.1/node_modules/esbuild postinstall$ node install.js
.../node_modules/@prisma/engines postinstall$ node scripts/postinstall.js
.../esbuild@0.25.12/node_modules/esbuild postinstall$ node install.js
.../esbuild@0.28.1/node_modules/esbuild postinstall: Done
.../esbuild@0.25.12/node_modules/esbuild postinstall: Done
.../node_modules/@swc/core postinstall$ node postinstall.js
.../node_modules/@swc/core postinstall: Done
.../node_modules/better-sqlite3 install: Done
.../node_modules/cpu-features install: gyp info it worked if it ends with ok
.../node_modules/cpu-features install: gyp info using node-gyp@11.5.0
.../node_modules/cpu-features install: gyp info using node@20.20.2 | linux | x64
.../node_modules/cpu-features install: gyp info find Python using Python version 3.12.3 found at "/usr/bin/python3"
.../node_modules/@prisma/engines postinstall: Done
.../node_modules/cpu-features install: gyp http GET https://nodejs.org/download/release/v20.20.2/node-v20.20.2-headers.tar.gz
.../node_modules/cpu-features install: gyp http 200 https://nodejs.org/download/release/v20.20.2/node-v20.20.2-headers.tar.gz
.../node_modules/cpu-features install: gyp http GET https://nodejs.org/download/release/v20.20.2/SHASUMS256.txt
.../node_modules/cpu-features install: gyp http 200 https://nodejs.org/download/release/v20.20.2/SHASUMS256.txt
.../node_modules/cpu-features install: gyp info spawn /usr/bin/python3
.../node_modules/cpu-features install: gyp info spawn args [
.../node_modules/cpu-features install: gyp info spawn args '/home/runner/setup-pnpm/node_modules/.pnpm/pnpm@10.33.2/node_modules/pnpm/dist/node_modules/node-gyp/gyp/gyp_main.py',
.../node_modules/cpu-features install: gyp info spawn args 'binding.gyp',
.../node_modules/cpu-features install: gyp info spawn args '-f',
.../node_modules/cpu-features install: gyp info spawn args 'make',
.../node_modules/cpu-features install: gyp info spawn args '-I',
.../node_modules/cpu-features install: gyp info spawn args '/home/runner/work/Flowcordia/Flowcordia/node_modules/.pnpm/cpu-features@0.0.10/node_modules/cpu-features/build/config.gypi',
.../node_modules/cpu-features install: gyp info spawn args '-I',
.../node_modules/cpu-features install: gyp info spawn args '/home/runner/setup-pnpm/node_modules/.pnpm/pnpm@10.33.2/node_modules/pnpm/dist/node_modules/node-gyp/addon.gypi',
.../node_modules/cpu-features install: gyp info spawn args '-I',
.../node_modules/cpu-features install: gyp info spawn args '/home/runner/.cache/node-gyp/20.20.2/include/node/common.gypi',
.../node_modules/cpu-features install: gyp info spawn args '-Dlibrary=shared_library',
.../node_modules/cpu-features install: gyp info spawn args '-Dvisibility=default',
.../node_modules/cpu-features install: gyp info spawn args '-Dnode_root_dir=/home/runner/.cache/node-gyp/20.20.2',
.../node_modules/cpu-features install: gyp info spawn args '-Dnode_gyp_dir=/home/runner/setup-pnpm/node_modules/.pnpm/pnpm@10.33.2/node_modules/pnpm/dist/node_modules/node-gyp',
.../node_modules/cpu-features install: gyp info spawn args '-Dnode_lib_file=/home/runner/.cache/node-gyp/20.20.2/<(target_arch)/node.lib',
.../node_modules/cpu-features install: gyp info spawn args '-Dmodule_root_dir=/home/runner/work/Flowcordia/Flowcordia/node_modules/.pnpm/cpu-features@0.0.10/node_modules/cpu-features',
.../node_modules/cpu-features install: gyp info spawn args '-Dnode_engine=v8',
.../node_modules/cpu-features install: gyp info spawn args '--depth=.',
.../node_modules/cpu-features install: gyp info spawn args '--no-parallel',
.../node_modules/cpu-features install: gyp info spawn args '--generator-output',
.../node_modules/cpu-features install: gyp info spawn args 'build',
.../node_modules/cpu-features install: gyp info spawn args '-Goutput_dir=.'
.../node_modules/cpu-features install: gyp info spawn args ]
.../node_modules/cpu-features install: gyp info spawn make
.../node_modules/cpu-features install: gyp info spawn args [ 'BUILDTYPE=Release', '-C', 'build' ]
.../node_modules/cpu-features install: make: Entering directory '/home/runner/work/Flowcordia/Flowcordia/node_modules/.pnpm/cpu-features@0.0.10/node_modules/cpu-features/build'
.../node_modules/cpu-features install:   CC(target) Release/obj.target/cpu_features/deps/cpu_features/src/impl_aarch64_linux_or_android.o
.../node_modules/cpu-features install:   CC(target) Release/obj.target/cpu_features/deps/cpu_features/src/impl_aarch64_macos_or_iphone.o
.../node_modules/cpu-features install:   CC(target) Release/obj.target/cpu_features/deps/cpu_features/src/impl_aarch64_windows.o
.../node_modules/cpu-features install:   CC(target) Release/obj.target/cpu_features/deps/cpu_features/src/impl_arm_linux_or_android.o
.../node_modules/cpu-features install:   CC(target) Release/obj.target/cpu_features/deps/cpu_features/src/impl_mips_linux_or_android.o
.../node_modules/cpu-features install:   CC(target) Release/obj.target/cpu_features/deps/cpu_features/src/impl_ppc_linux.o
.../node_modules/cpu-features install:   CC(target) Release/obj.target/cpu_features/deps/cpu_features/src/impl_x86_freebsd.o
.../node_modules/cpu-features install:   CC(target) Release/obj.target/cpu_features/deps/cpu_features/src/impl_x86_linux_or_android.o
.../node_modules/cpu-features install:   CC(target) Release/obj.target/cpu_features/deps/cpu_features/src/impl_x86_macos.o
.../node_modules/cpu-features install:   CC(target) Release/obj.target/cpu_features/deps/cpu_features/src/impl_x86_windows.o
.../node_modules/cpu-features install:   CC(target) Release/obj.target/cpu_features/deps/cpu_features/src/filesystem.o
.../node_modules/cpu-features install:   CC(target) Release/obj.target/cpu_features/deps/cpu_features/src/stack_line_reader.o
.../node_modules/cpu-features install:   CC(target) Release/obj.target/cpu_features/deps/cpu_features/src/string_view.o
.../node_modules/cpu-features install: rm -f Release/obj.target/deps/cpu_features/cpu_features.a Release/obj.target/deps/cpu_features/cpu_features.a.ar-file-list; mkdir -p `dirname Release/obj.target/deps/cpu_features/cpu_features.a`
.../node_modules/cpu-features install: ar crs Release/obj.target/deps/cpu_features/cpu_features.a @Release/obj.target/deps/cpu_features/cpu_features.a.ar-file-list
.../node_modules/cpu-features install:   COPY Release/cpu_features.a
.../node_modules/cpu-features install:   CXX(target) Release/obj.target/cpufeatures/src/binding.o
.../node_modules/cpu-features install: In file included from ../src/binding.cc:1:
.../node_modules/cpu-features install: /home/runner/.cache/node-gyp/20.20.2/include/node/node.h:1227:7: warning: cast between incompatible function types from ‘void (*)(Nan::ADDON_REGISTER_FUNCTION_ARGS_TYPE)’ {aka ‘void (*)(v8::Local<v8::Object>)’} to ‘node::addon_register_func’ {aka ‘void (*)(v8::Local<v8::Object>, v8::Local<v8::Value>, void*)’} [-Wcast-function-type]
.../node_modules/cpu-features install:  1227 |       (node::addon_register_func) (regfunc),                          \
.../node_modules/cpu-features install:       |       ^~~~~~~~~~~~~~~~~~~~~~~~~~~~~~~~~~~~~
.../node_modules/cpu-features install: /home/runner/.cache/node-gyp/20.20.2/include/node/node.h:1261:3: note: in expansion of macro ‘NODE_MODULE_X’
.../node_modules/cpu-features install:  1261 |   NODE_MODULE_X(modname, regfunc, NULL, 0)  // NOLINT (readability/null_usage)
.../node_modules/cpu-features install:       |   ^~~~~~~~~~~~~
.../node_modules/cpu-features install: ../src/binding.cc:151:1: note: in expansion of macro ‘NODE_MODULE’
.../node_modules/cpu-features install:   151 | NODE_MODULE(cpufeatures, init)
.../node_modules/cpu-features install:       | ^~~~~~~~~~~
.../node_modules/cpu-features install:   SOLINK_MODULE(target) Release/obj.target/cpufeatures.node
.../node_modules/cpu-features install:   COPY Release/cpufeatures.node
.../node_modules/cpu-features install: make: Leaving directory '/home/runner/work/Flowcordia/Flowcordia/node_modules/.pnpm/cpu-features@0.0.10/node_modules/cpu-features/build'
.../node_modules/cpu-features install: gyp info ok 
.../node_modules/cpu-features install: Done
.../.pnpm/ssh2@1.16.0/node_modules/ssh2 install$ node install.js
.../node_modules/prisma preinstall$ node scripts/preinstall-entry.js
.../node_modules/prisma preinstall: Done
.../.pnpm/ssh2@1.16.0/node_modules/ssh2 install: gyp info it worked if it ends with ok
.../.pnpm/ssh2@1.16.0/node_modules/ssh2 install: gyp info using node-gyp@11.5.0
.../.pnpm/ssh2@1.16.0/node_modules/ssh2 install: gyp info using node@20.20.2 | linux | x64
.../.pnpm/ssh2@1.16.0/node_modules/ssh2 install: gyp info find Python using Python version 3.12.3 found at "/usr/bin/python3"
.../.pnpm/ssh2@1.16.0/node_modules/ssh2 install: gyp info spawn /usr/bin/python3
.../.pnpm/ssh2@1.16.0/node_modules/ssh2 install: gyp info spawn args [
.../.pnpm/ssh2@1.16.0/node_modules/ssh2 install: gyp info spawn args '/home/runner/setup-pnpm/node_modules/.pnpm/pnpm@10.33.2/node_modules/pnpm/dist/node_modules/node-gyp/gyp/gyp_main.py',
.../.pnpm/ssh2@1.16.0/node_modules/ssh2 install: gyp info spawn args 'binding.gyp',
.../.pnpm/ssh2@1.16.0/node_modules/ssh2 install: gyp info spawn args '-f',
.../.pnpm/ssh2@1.16.0/node_modules/ssh2 install: gyp info spawn args 'make',
.../.pnpm/ssh2@1.16.0/node_modules/ssh2 install: gyp info spawn args '-I',
.../.pnpm/ssh2@1.16.0/node_modules/ssh2 install: gyp info spawn args '/home/runner/work/Flowcordia/Flowcordia/node_modules/.pnpm/ssh2@1.16.0/node_modules/ssh2/lib/protocol/crypto/build/config.gypi',
.../.pnpm/ssh2@1.16.0/node_modules/ssh2 install: gyp info spawn args '-I',
.../.pnpm/ssh2@1.16.0/node_modules/ssh2 install: gyp info spawn args '/home/runner/setup-pnpm/node_modules/.pnpm/pnpm@10.33.2/node_modules/pnpm/dist/node_modules/node-gyp/addon.gypi',
.../.pnpm/ssh2@1.16.0/node_modules/ssh2 install: gyp info spawn args '-I',
.../.pnpm/ssh2@1.16.0/node_modules/ssh2 install: gyp info spawn args '/home/runner/.cache/node-gyp/20.20.2/include/node/common.gypi',
.../.pnpm/ssh2@1.16.0/node_modules/ssh2 install: gyp info spawn args '-Dlibrary=shared_library',
.../.pnpm/ssh2@1.16.0/node_modules/ssh2 install: gyp info spawn args '-Dvisibility=default',
.../.pnpm/ssh2@1.16.0/node_modules/ssh2 install: gyp info spawn args '-Dnode_root_dir=/home/runner/.cache/node-gyp/20.20.2',
.../.pnpm/ssh2@1.16.0/node_modules/ssh2 install: gyp info spawn args '-Dnode_gyp_dir=/home/runner/setup-pnpm/node_modules/.pnpm/pnpm@10.33.2/node_modules/pnpm/dist/node_modules/node-gyp',
.../.pnpm/ssh2@1.16.0/node_modules/ssh2 install: gyp info spawn args '-Dnode_lib_file=/home/runner/.cache/node-gyp/20.20.2/<(target_arch)/node.lib',
.../.pnpm/ssh2@1.16.0/node_modules/ssh2 install: gyp info spawn args '-Dmodule_root_dir=/home/runner/work/Flowcordia/Flowcordia/node_modules/.pnpm/ssh2@1.16.0/node_modules/ssh2/lib/protocol/crypto',
.../.pnpm/ssh2@1.16.0/node_modules/ssh2 install: gyp info spawn args '-Dnode_engine=v8',
.../.pnpm/ssh2@1.16.0/node_modules/ssh2 install: gyp info spawn args '--depth=.',
.../.pnpm/ssh2@1.16.0/node_modules/ssh2 install: gyp info spawn args '--no-parallel',
.../.pnpm/ssh2@1.16.0/node_modules/ssh2 install: gyp info spawn args '--generator-output',
.../.pnpm/ssh2@1.16.0/node_modules/ssh2 install: gyp info spawn args 'build',
.../.pnpm/ssh2@1.16.0/node_modules/ssh2 install: gyp info spawn args '-Goutput_dir=.'
.../.pnpm/ssh2@1.16.0/node_modules/ssh2 install: gyp info spawn args ]
.../.pnpm/ssh2@1.16.0/node_modules/ssh2 install: gyp info spawn make
.../.pnpm/ssh2@1.16.0/node_modules/ssh2 install: gyp info spawn args [ 'BUILDTYPE=Release', '-C', 'build' ]
.../.pnpm/ssh2@1.16.0/node_modules/ssh2 install: make: Entering directory '/home/runner/work/Flowcordia/Flowcordia/node_modules/.pnpm/ssh2@1.16.0/node_modules/ssh2/lib/protocol/crypto/build'
.../.pnpm/ssh2@1.16.0/node_modules/ssh2 install:   CXX(target) Release/obj.target/sshcrypto/src/binding.o
.../.pnpm/ssh2@1.16.0/node_modules/ssh2 install:   SOLINK_MODULE(target) Release/obj.target/sshcrypto.node
.../.pnpm/ssh2@1.16.0/node_modules/ssh2 install:   COPY Release/sshcrypto.node
.../.pnpm/ssh2@1.16.0/node_modules/ssh2 install: make: Leaving directory '/home/runner/work/Flowcordia/Flowcordia/node_modules/.pnpm/ssh2@1.16.0/node_modules/ssh2/lib/protocol/crypto/build'
.../.pnpm/ssh2@1.16.0/node_modules/ssh2 install: gyp info ok 
.../.pnpm/ssh2@1.16.0/node_modules/ssh2 install: Succeeded in building optional crypto binding
.../.pnpm/ssh2@1.16.0/node_modules/ssh2 install: Done
.../node_modules/@prisma/client postinstall$ node scripts/postinstall.js
.../node_modules/@prisma/client postinstall: prisma:warn We could not find your Prisma schema in the default locations (see: https://pris.ly/d/prisma-schema-location).
.../node_modules/@prisma/client postinstall: If you have a Prisma schema file in a custom path, you will need to run
.../node_modules/@prisma/client postinstall: `prisma generate --schema=./path/to/your/schema.prisma` to generate Prisma Client.
.../node_modules/@prisma/client postinstall: If you do not have a Prisma schema file yet, you can ignore this message.
.../node_modules/@prisma/client postinstall: Done
 WARN  Failed to create bin at /home/runner/work/Flowcordia/Flowcordia/internal-packages/dashboard-agent/node_modules/.bin/trigger. ENOENT: no such file or directory, open '/home/runner/work/Flowcordia/Flowcordia/packages/cli-v3/dist/esm/index.js'

dependencies:
+ @changesets/cli 2.26.2
+ @remix-run/changelog-github 0.0.5
+ agentcrumbs 0.5.0
+ node-fetch 2.6.7

devDependencies:
+ @manypkg/cli 0.19.2
+ @playwright/test 1.37.0
+ @trigger.dev/database 0.0.2 <- internal-packages/database
+ @types/node 20.14.14
+ @vitest/coverage-v8 4.1.7
+ autoprefixer 10.4.13
+ npm 11.6.4
+ oxfmt 0.54.0
+ oxlint 1.70.0
+ pkg-pr-new 0.0.75
+ pkg-types 1.1.3
+ tsx 3.12.2
+ turbo 2.10.6
+ typescript 5.5.4
+ vite-tsconfig-paths 4.0.5
+ vitest 4.1.7

 WARN  Failed to create bin at /home/runner/work/Flowcordia/Flowcordia/internal-packages/dashboard-agent/node_modules/.bin/trigger. ENOENT: no such file or directory, open '/home/runner/work/Flowcordia/Flowcordia/internal-packages/dashboard-agent/node_modules/trigger.dev/dist/esm/index.js'
╭ Warning ─────────────────────────────────────────────────────────────────────╮
│                                                                              │
│   Ignored build scripts: bufferutil@4.0.9.                                   │
│   Run "pnpm approve-builds" to pick which dependencies should be allowed     │
│   to run scripts.                                                            │
│                                                                              │
╰──────────────────────────────────────────────────────────────────────────────╯
Done in 36.3s using pnpm v10.33.2

  [38;2;225;80;80;1m×[0m [38;2;225;80;80;1mIdentifier expected. 'function' is a reserved word that cannot be used here.[0m
    ╭─[[38;2;92;157;255;1mapps/webapp/app/features/flowcordia/workflows/studio/WorkflowStudioCanvas.tsx[0m:84:19]
 [2m83[0m │ 
 [2m84[0m │ function nodeTone(function nodeTone(kind: WorkflowStudioNode["kind"]): string {
    · [38;2;246;87;248m                  ────────[0m
 [2m85[0m │   switch (kind) {
    ╰────
Error occurred when checking code style in the above files.
